// Jest Snapshot v1, https://goo.gl/fbAQLP

exports[`Note component renders a .RegistrationForm by default 1`] = `
<form
  className="RegistrationForm"
  onSubmit={[Function]}
>
  <div
    role="alert"
  />
  <div
    className="user_name"
  >
    <label
      htmlFor="RegistrationForm__user_name"
    >
      User name 
      <Required />
    </label>
    <Input
      id="RegistrationForm__user_name"
      name="user_name"
      required={true}
      type="text"
    />
  </div>
  <div
    className="password"
  >
    <label
      htmlFor="RegistrationForm__password"
    >
      Password 
      <Required />
    </label>
    <Input
      id="RegistrationForm__password"
      name="password"
      required={true}
      type="password"
    />
  </div>
  <div
    className="favorite_city"
  >
    <label
      htmlFor="RegistrationForm__favorite_city"
    >
      Select Your City
    </label>
    <select
      id="RegistrationForm__favorite_city"
      name="favorite_city"
      required={true}
    >
      <option
        value="1"
      >
        Atlanta
      </option>
      <option
        value="2"
      >
         Baltimore
      </option>
      <option
        value="3"
      >
         Boston
      </option>
      <option
        value="4"
      >
         Chicago
      </option>
      <option
        value="5"
      >
         Cincinnati
      </option>
      <option
        value="6"
      >
         Cleveland
      </option>
      <option
        value="7"
      >
         Detroit
      </option>
      <option
        value="8"
      >
         Dallas
      </option>
      <option
        value="9"
      >
         Denver
      </option>
      <option
        value="10"
      >
        Houston
      </option>
      <option
        value="11"
      >
        Kansas City
      </option>
      <option
        value="12"
      >
        Los Angeles
      </option>
      <option
        value="13"
      >
        Miami
      </option>
      <option
        value="14"
      >
        Milwaukee
      </option>
      <option
        value="15"
      >
        Minnesota
      </option>
      <option
        value="16"
      >
        New York
      </option>
      <option
        value="17"
      >
        Oakland
      </option>
      <option
        value="18"
      >
        Philadelphia
      </option>
      <option
        value="19"
      >
        Phoneix
      </option>
      <option
        value="20"
      >
        Pittsburgh
      </option>
      <option
        value="21"
      >
        Saint Louis
      </option>
      <option
        value="22"
      >
        San Diego
      </option>
      <option
        value="23"
      >
        San Francisco
      </option>
      <option
        value="24"
      >
        Seattle
      </option>
      <option
        value="25"
      >
        Tampa Bay
      </option>
      <option
        value="26"
      >
        Toronto
      </option>
      <option
        value="27"
      >
        Washington
      </option>
    </select>
  </div>
  <Button
    type="submit"
  >
    Register
  </Button>
</form>
`;

exports[`Note component renders the RegistrationFrom given props 1`] = `
<form
  className="RegistrationForm"
  onSubmit={[Function]}
>
  <div
    role="alert"
  />
  <div
    className="user_name"
  >
    <label
      htmlFor="RegistrationForm__user_name"
    >
      User name 
      <Required />
    </label>
    <Input
      id="RegistrationForm__user_name"
      name="user_name"
      required={true}
      type="text"
    />
  </div>
  <div
    className="password"
  >
    <label
      htmlFor="RegistrationForm__password"
    >
      Password 
      <Required />
    </label>
    <Input
      id="RegistrationForm__password"
      name="password"
      required={true}
      type="password"
    />
  </div>
  <div
    className="favorite_city"
  >
    <label
      htmlFor="RegistrationForm__favorite_city"
    >
      Select Your City
    </label>
    <select
      id="RegistrationForm__favorite_city"
      name="favorite_city"
      required={true}
    >
      <option
        value="1"
      >
        Atlanta
      </option>
      <option
        value="2"
      >
         Baltimore
      </option>
      <option
        value="3"
      >
         Boston
      </option>
      <option
        value="4"
      >
         Chicago
      </option>
      <option
        value="5"
      >
         Cincinnati
      </option>
      <option
        value="6"
      >
         Cleveland
      </option>
      <option
        value="7"
      >
         Detroit
      </option>
      <option
        value="8"
      >
         Dallas
      </option>
      <option
        value="9"
      >
         Denver
      </option>
      <option
        value="10"
      >
        Houston
      </option>
      <option
        value="11"
      >
        Kansas City
      </option>
      <option
        value="12"
      >
        Los Angeles
      </option>
      <option
        value="13"
      >
        Miami
      </option>
      <option
        value="14"
      >
        Milwaukee
      </option>
      <option
        value="15"
      >
        Minnesota
      </option>
      <option
        value="16"
      >
        New York
      </option>
      <option
        value="17"
      >
        Oakland
      </option>
      <option
        value="18"
      >
        Philadelphia
      </option>
      <option
        value="19"
      >
        Phoneix
      </option>
      <option
        value="20"
      >
        Pittsburgh
      </option>
      <option
        value="21"
      >
        Saint Louis
      </option>
      <option
        value="22"
      >
        San Diego
      </option>
      <option
        value="23"
      >
        San Francisco
      </option>
      <option
        value="24"
      >
        Seattle
      </option>
      <option
        value="25"
      >
        Tampa Bay
      </option>
      <option
        value="26"
      >
        Toronto
      </option>
      <option
        value="27"
      >
        Washington
      </option>
    </select>
  </div>
  <Button
    type="submit"
  >
    Register
  </Button>
</form>
`;

exports[`Registration Form component renders a .RegistrationForm by default 1`] = `
<form
  className="RegistrationForm"
  onSubmit={[Function]}
>
  <div
    role="alert"
  />
  <div
    className="user_name"
  >
    <label
      htmlFor="RegistrationForm__user_name"
    >
      User name 
      <Required />
    </label>
    <Input
      id="RegistrationForm__user_name"
      name="user_name"
      required={true}
      type="text"
    />
  </div>
  <div
    className="password"
  >
    <label
      htmlFor="RegistrationForm__password"
    >
      Password 
      <Required />
    </label>
    <Input
      id="RegistrationForm__password"
      name="password"
      required={true}
      type="password"
    />
  </div>
  <div
    className="favorite_city"
  >
    <label
      htmlFor="RegistrationForm__favorite_city"
    >
      Select Your City
    </label>
    <select
      id="RegistrationForm__favorite_city"
      name="favorite_city"
      required={true}
    >
      <option
        value="1"
      >
        Atlanta
      </option>
      <option
        value="2"
      >
         Baltimore
      </option>
      <option
        value="3"
      >
         Boston
      </option>
      <option
        value="4"
      >
         Chicago
      </option>
      <option
        value="5"
      >
         Cincinnati
      </option>
      <option
        value="6"
      >
         Cleveland
      </option>
      <option
        value="7"
      >
         Detroit
      </option>
      <option
        value="8"
      >
         Dallas
      </option>
      <option
        value="9"
      >
         Denver
      </option>
      <option
        value="10"
      >
        Houston
      </option>
      <option
        value="11"
      >
        Kansas City
      </option>
      <option
        value="12"
      >
        Los Angeles
      </option>
      <option
        value="13"
      >
        Miami
      </option>
      <option
        value="14"
      >
        Milwaukee
      </option>
      <option
        value="15"
      >
        Minnesota
      </option>
      <option
        value="16"
      >
        New York
      </option>
      <option
        value="17"
      >
        Oakland
      </option>
      <option
        value="18"
      >
        Philadelphia
      </option>
      <option
        value="19"
      >
        Phoneix
      </option>
      <option
        value="20"
      >
        Pittsburgh
      </option>
      <option
        value="21"
      >
        Saint Louis
      </option>
      <option
        value="22"
      >
        San Diego
      </option>
      <option
        value="23"
      >
        San Francisco
      </option>
      <option
        value="24"
      >
        Seattle
      </option>
      <option
        value="25"
      >
        Tampa Bay
      </option>
      <option
        value="26"
      >
        Toronto
      </option>
      <option
        value="27"
      >
        Washington
      </option>
    </select>
  </div>
  <Button
    type="submit"
  >
    Register
  </Button>
</form>
`;

exports[`Registration Form component renders the RegistrationFrom given props 1`] = `
<form
  className="RegistrationForm"
  onSubmit={[Function]}
>
  <div
    role="alert"
  />
  <div
    className="user_name"
  >
    <label
      htmlFor="RegistrationForm__user_name"
    >
      User name 
      <Required />
    </label>
    <Input
      id="RegistrationForm__user_name"
      name="user_name"
      required={true}
      type="text"
    />
  </div>
  <div
    className="password"
  >
    <label
      htmlFor="RegistrationForm__password"
    >
      Password 
      <Required />
    </label>
    <Input
      id="RegistrationForm__password"
      name="password"
      required={true}
      type="password"
    />
  </div>
  <div
    className="favorite_city"
  >
    <label
      htmlFor="RegistrationForm__favorite_city"
    >
      Select Your City
    </label>
    <select
      id="RegistrationForm__favorite_city"
      name="favorite_city"
      required={true}
    >
      <option
        value="1"
      >
        Atlanta
      </option>
      <option
        value="2"
      >
         Baltimore
      </option>
      <option
        value="3"
      >
         Boston
      </option>
      <option
        value="4"
      >
         Chicago
      </option>
      <option
        value="5"
      >
         Cincinnati
      </option>
      <option
        value="6"
      >
         Cleveland
      </option>
      <option
        value="7"
      >
         Detroit
      </option>
      <option
        value="8"
      >
         Dallas
      </option>
      <option
        value="9"
      >
         Denver
      </option>
      <option
        value="10"
      >
        Houston
      </option>
      <option
        value="11"
      >
        Kansas City
      </option>
      <option
        value="12"
      >
        Los Angeles
      </option>
      <option
        value="13"
      >
        Miami
      </option>
      <option
        value="14"
      >
        Milwaukee
      </option>
      <option
        value="15"
      >
        Minnesota
      </option>
      <option
        value="16"
      >
        New York
      </option>
      <option
        value="17"
      >
        Oakland
      </option>
      <option
        value="18"
      >
        Philadelphia
      </option>
      <option
        value="19"
      >
        Phoneix
      </option>
      <option
        value="20"
      >
        Pittsburgh
      </option>
      <option
        value="21"
      >
        Saint Louis
      </option>
      <option
        value="22"
      >
        San Diego
      </option>
      <option
        value="23"
      >
        San Francisco
      </option>
      <option
        value="24"
      >
        Seattle
      </option>
      <option
        value="25"
      >
        Tampa Bay
      </option>
      <option
        value="26"
      >
        Toronto
      </option>
      <option
        value="27"
      >
        Washington
      </option>
    </select>
  </div>
  <Button
    type="submit"
  >
    Register
  </Button>
</form>
`;
